// Jest Snapshot v1, https://goo.gl/fbAQLP

exports[`App Renders test Renders App 1`] = `
Array [
  <div
    className="nav"
  >
    <nav
      className="same"
    >
      <h1
        className="heading"
      >
        <img
          alt="logoo"
          className="App-logoo"
          height="70px"
          src="logo.png"
          width="70px"
        />
        Space Traveller's Hub
      </h1>
      <ul
        className="nav-link"
      >
        <a
          href="/"
          onClick={[Function]}
        >
          Rockets
        </a>
        <a
          href="/missions"
          onClick={[Function]}
        >
          Missions
        </a>
        <a
          href="/myprofile"
          onClick={[Function]}
        >
          My Profile
        </a>
      </ul>
    </nav>
  </div>,
  <div
    className="title"
  />,
]
`;
